minecraft:bat, AMBIENT
minecraft:bee, CREATURE
minecraft:blaze, MONSTER
minecraft:cat, CREATURE
minecraft:cave_spider, MONSTER
minecraft:chicken, CREATURE
minecraft:cod, WATER_AMBIENT
minecraft:cow, CREATURE
minecraft:creeper, MONSTER
minecraft:dolphin, WATER_CREATURE
minecraft:donkey, CREATURE
minecraft:drowned, MONSTER
minecraft:elder_guardian, MONSTER
minecraft:ender_dragon, MONSTER
minecraft:enderman, MONSTER
minecraft:endermite, MONSTER
minecraft:evoker, MONSTER
minecraft:fox, CREATURE
minecraft:ghast, MONSTER
minecraft:giant, MONSTER
minecraft:guardian, MONSTER
minecraft:hoglin, MONSTER
minecraft:horse, CREATURE
minecraft:husk, MONSTER
minecraft:illusioner, MONSTER
minecraft:llama, CREATURE
minecraft:magma_cube, MONSTER
minecraft:mule, CREATURE
minecraft:mooshroom, CREATURE
minecraft:ocelot, CREATURE
minecraft:panda, CREATURE
minecraft:parrot, CREATURE
minecraft:phantom, MONSTER
minecraft:pig, CREATURE
minecraft:piglin, MONSTER
minecraft:piglin_brute, MONSTER
minecraft:pillager, MONSTER
minecraft:polar_bear, CREATURE
minecraft:pufferfish, WATER_AMBIENT
minecraft:rabbit, CREATURE
minecraft:ravager, MONSTER
minecraft:salmon, WATER_AMBIENT
minecraft:sheep, CREATURE
minecraft:shulker, MONSTER
minecraft:silverfish, MONSTER
minecraft:skeleton, MONSTER
minecraft:skeleton_horse, CREATURE
minecraft:slime, MONSTER
minecraft:spider, MONSTER
minecraft:squid, WATER_CREATURE
minecraft:stray, MONSTER
minecraft:strider, CREATURE
minecraft:trader_llama, CREATURE
minecraft:tropical_fish, WATER_AMBIENT
minecraft:turtle, CREATURE
minecraft:vex, MONSTER
minecraft:vindicator, MONSTER
minecraft:wandering_trader, CREATURE
minecraft:witch, MONSTER
minecraft:wither, MONSTER
minecraft:wither_skeleton, MONSTER
minecraft:wolf, CREATURE
minecraft:zoglin, MONSTER
minecraft:zombie, MONSTER
minecraft:zombie_horse, CREATURE
minecraft:zombie_villager, MONSTER
minecraft:zombified_piglin, MONSTER
mowziesmobs:foliaath, MONSTER
mowziesmobs:baby_foliaath, MONSTER
mowziesmobs:ferrous_wroughtnaut, MONSTER
mowziesmobs:barakoan_barakoana, MONSTER
mowziesmobs:barakoan_player, MONSTER
mowziesmobs:barakoa_sunblocker_player, MONSTER
mowziesmobs:barakoaya, MONSTER
mowziesmobs:barakoana, MONSTER
mowziesmobs:barakoa_sunblocker, MONSTER
mowziesmobs:barako, MONSTER
mowziesmobs:frostmaw, MONSTER
mowziesmobs:grottol, MONSTER
mowziesmobs:lantern, AMBIENT
mowziesmobs:naga, MONSTER
alexsmobs:grizzly_bear, CREATURE
alexsmobs:roadrunner, CREATURE
alexsmobs:bone_serpent, MONSTER
alexsmobs:bone_serpent_part, MONSTER
alexsmobs:gazelle, CREATURE
alexsmobs:crocodile, WATER_CREATURE
alexsmobs:fly, AMBIENT
alexsmobs:hummingbird, CREATURE
alexsmobs:orca, WATER_CREATURE
alexsmobs:sunbird, CREATURE
alexsmobs:gorilla, CREATURE
alexsmobs:crimson_mosquito, MONSTER
alexsmobs:rattlesnake, CREATURE
alexsmobs:endergrade, CREATURE
alexsmobs:hammerhead_shark, WATER_CREATURE
alexsmobs:lobster, WATER_AMBIENT
alexsmobs:komodo_dragon, CREATURE
alexsmobs:capuchin_monkey, CREATURE
alexsmobs:centipede_head, CREATURE
alexsmobs:centipede_body, CREATURE
alexsmobs:centipede_tail, CREATURE
alexsmobs:warped_toad, CREATURE
alexsmobs:moose, CREATURE
alexsmobs:mimicube, MONSTER
alexsmobs:raccoon, CREATURE
alexsmobs:blobfish, WATER_AMBIENT
alexsmobs:seal, CREATURE
alexsmobs:cockroach, AMBIENT
alexsmobs:shoebill, CREATURE
alexsmobs:elephant, CREATURE
alexsmobs:soul_vulture, MONSTER
alexsmobs:snow_leopard, CREATURE
alexsmobs:spectre, CREATURE
alexsmobs:crow, CREATURE
alexsmobs:alligator_snapping_turtle, CREATURE
alexsmobs:mungus, CREATURE
alexsmobs:mantis_shrimp, WATER_CREATURE
alexsmobs:guster, MONSTER
alexsmobs:warped_mosco, MONSTER
alexsmobs:straddler, MONSTER
alexsmobs:stradpole, WATER_AMBIENT
alexsmobs:emu, CREATURE
alexsmobs:platypus, CREATURE
alexsmobs:dropbear, MONSTER
alexsmobs:tasmanian_devil, CREATURE
alexsmobs:kangaroo, CREATURE
alexsmobs:cachalot_whale, WATER_CREATURE
alexsmobs:leafcutter_ant, CREATURE
alexsmobs:enderiophage, CREATURE
alexsmobs:bald_eagle, CREATURE
alexsmobs:tiger, CREATURE
alexsmobs:tarantula_hawk, CREATURE
alexsmobs:void_worm, MONSTER
alexsmobs:void_worm_part, MONSTER
alexsmobs:frilled_shark, WATER_CREATURE
alexsmobs:mimic_octopus, WATER_CREATURE
alexsmobs:seagull, CREATURE
untamedwilds:tarantula, CREATURE
untamedwilds:snake, CREATURE
untamedwilds:softshell_turtle, CREATURE
untamedwilds:tortoise, CREATURE
untamedwilds:giant_clam, CREATURE
untamedwilds:hippo, CREATURE
untamedwilds:aardvark, CREATURE
untamedwilds:rhino, CREATURE
untamedwilds:hyena, CREATURE
untamedwilds:bear_black, CREATURE
untamedwilds:bear_blind, CREATURE
untamedwilds:bear_brown, CREATURE
untamedwilds:bear_cave, CREATURE
untamedwilds:bear_panda, CREATURE
untamedwilds:bear_polar, CREATURE
untamedwilds:bear_spectacled, CREATURE
untamedwilds:bear_sun, CREATURE
untamedwilds:bigcat_jaguar, CREATURE
untamedwilds:bigcat_leopard, CREATURE
untamedwilds:bigcat_lion, CREATURE
untamedwilds:bigcat_puma, CREATURE
untamedwilds:bigcat_snow_leopard, CREATURE
untamedwilds:bigcat_tiger, CREATURE
untamedwilds:bigcat_cave_lion, CREATURE
untamedwilds:bigcat_marsupial_lion, CREATURE
untamedwilds:bigcat_sabertooth, CREATURE
untamedwilds:bigcat_dire_lion, CREATURE
untamedwilds:sunfish, CREATURE
untamedwilds:trevally, CREATURE
untamedwilds:arowana, CREATURE
untamedwilds:shark, CREATURE
untamedwilds:football_fish, CREATURE
untamedwilds:giant_salamander, CREATURE
risingtides:shark, WATER_CREATURE
risingtides:penguin, CREATURE
risingtides:crab, CREATURE
risingtides:mantaray, WATER_AMBIENT
risingtides:snail, CREATURE
risingtides:lionfish, WATER_AMBIENT
risingtides:walrus, CREATURE
risingtides:piranha, MONSTER
risingtides:whale, AMBIENT
risingtides:seahorse, WATER_AMBIENT
risingtides:jellyfish, WATER_AMBIENT
projectvibrantjourneys:fly, pvj_ambient
projectvibrantjourneys:firefly, pvj_night_ambient
projectvibrantjourneys:starfish, pvj_ambient
projectvibrantjourneys:ocean_starfish, pvj_water_ambient
projectvibrantjourneys:clam, pvj_water_ambient
projectvibrantjourneys:snail, pvj_ambient
projectvibrantjourneys:slug, pvj_ambient
projectvibrantjourneys:small_spider, pvj_ambient
projectvibrantjourneys:frog, pvj_ambient
projectvibrantjourneys:night_bat, pvj_night_ambient
dannys_expansion:child_rammer, CREATURE
dannys_expansion:blue_slime, CREATURE
dannys_expansion:grand_rammer, CREATURE
dannys_expansion:rammer, CREATURE
dannys_expansion:arid_abomination, MONSTER
dannys_expansion:black_scorpion, MONSTER
dannys_expansion:cursed_skull, MONSTER
dannys_expansion:desolated, MONSTER
dannys_expansion:ender_beast_archer, MONSTER
dannys_expansion:ender_beast_lancer, MONSTER
dannys_expansion:frozen_ghoul, MONSTER
dannys_expansion:frozen_slime, MONSTER
dannys_expansion:magma_slime, MONSTER
dannys_expansion:ghoul, MONSTER
dannys_expansion:ice_elemental, MONSTER
dannys_expansion:jungle_golem, MONSTER
dannys_expansion:jungle_slime, MONSTER
dannys_expansion:klifour, MONSTER
dannys_expansion:magma_gulper, MONSTER
dannys_expansion:mummy, MONSTER
dannys_expansion:mundane_slime, MONSTER
dannys_expansion:nyctoid, MONSTER
dannys_expansion:possessed_armor, MONSTER
dannys_expansion:sand_scarab, MONSTER
dannys_expansion:snaith, MONSTER
dannys_expansion:spore_slime, MONSTER
dannys_expansion:sporer, MONSTER
aquaculture:box_turtle, CREATURE
aquaculture:arrau_turtle, CREATURE
aquaculture:starshell_turtle, CREATURE
aquaculture:atlantic_cod, WATER_AMBIENT
aquaculture:blackfish, WATER_AMBIENT
aquaculture:pacific_halibut, WATER_AMBIENT
aquaculture:atlantic_halibut, WATER_AMBIENT
aquaculture:atlantic_herring, WATER_AMBIENT
aquaculture:pink_salmon, WATER_AMBIENT
aquaculture:pollock, WATER_AMBIENT
aquaculture:rainbow_trout, WATER_AMBIENT
aquaculture:bayad, WATER_AMBIENT
aquaculture:boulti, WATER_AMBIENT
aquaculture:capitaine, WATER_AMBIENT
aquaculture:synodontis, WATER_AMBIENT
aquaculture:smallmouth_bass, WATER_AMBIENT
aquaculture:bluegill, WATER_AMBIENT
aquaculture:brown_trout, WATER_AMBIENT
aquaculture:carp, WATER_AMBIENT
aquaculture:catfish, WATER_AMBIENT
aquaculture:gar, WATER_AMBIENT
aquaculture:minnow, WATER_AMBIENT
aquaculture:muskellunge, WATER_AMBIENT
aquaculture:perch, WATER_AMBIENT
aquaculture:arapaima, WATER_AMBIENT
aquaculture:piranha, WATER_AMBIENT
aquaculture:tambaqui, WATER_AMBIENT
aquaculture:brown_shrooma, WATER_AMBIENT
aquaculture:red_shrooma, WATER_AMBIENT
aquaculture:jellyfish, WATER_AMBIENT
aquaculture:red_grouper, WATER_AMBIENT
aquaculture:tuna, WATER_AMBIENT
exoticbirds:booby, CREATURE
exoticbirds:owl, CREATURE
exoticbirds:peafowl, CREATURE
exoticbirds:flamingo, CREATURE
exoticbirds:bluejay, CREATURE
exoticbirds:cardinal, CREATURE
exoticbirds:robin, CREATURE
exoticbirds:crane, CREATURE
exoticbirds:heron, CREATURE
exoticbirds:lyrebird, CREATURE
exoticbirds:kiwi, CREATURE
exoticbirds:toucan, CREATURE
exoticbirds:duck, CREATURE
exoticbirds:swan, CREATURE
exoticbirds:penguin, CREATURE
exoticbirds:pigeon, CREATURE
exoticbirds:budgerigar, CREATURE
exoticbirds:gouldianfinch, CREATURE
exoticbirds:cockatoo, CREATURE
exoticbirds:pelican, CREATURE
exoticbirds:roadrunner, CREATURE
exoticbirds:cassowary, CREATURE
exoticbirds:gull, CREATURE
exoticbirds:ostrich, CREATURE
exoticbirds:kingfisher, CREATURE
exoticbirds:kookaburra, CREATURE
exoticbirds:magpie, CREATURE
exoticbirds:hummingbird, CREATURE
exoticbirds:woodpecker, CREATURE
exoticbirds:macaw, CREATURE
minecraft:bat, AMBIENT
minecraft:bee, CREATURE
minecraft:blaze, MONSTER
minecraft:cat, CREATURE
minecraft:cave_spider, MONSTER
minecraft:chicken, CREATURE
minecraft:cod, WATER_AMBIENT
minecraft:cow, CREATURE
minecraft:creeper, MONSTER
minecraft:dolphin, WATER_CREATURE
minecraft:donkey, CREATURE
minecraft:drowned, MONSTER
minecraft:elder_guardian, MONSTER
minecraft:ender_dragon, MONSTER
minecraft:enderman, MONSTER
minecraft:endermite, MONSTER
minecraft:evoker, MONSTER
minecraft:fox, CREATURE
minecraft:ghast, MONSTER
minecraft:giant, MONSTER
minecraft:guardian, MONSTER
minecraft:hoglin, MONSTER
minecraft:horse, CREATURE
minecraft:husk, MONSTER
minecraft:illusioner, MONSTER
minecraft:llama, CREATURE
minecraft:magma_cube, MONSTER
minecraft:mule, CREATURE
minecraft:mooshroom, CREATURE
minecraft:ocelot, CREATURE
minecraft:panda, CREATURE
minecraft:parrot, CREATURE
minecraft:phantom, MONSTER
minecraft:pig, CREATURE
minecraft:piglin, MONSTER
minecraft:piglin_brute, MONSTER
minecraft:pillager, MONSTER
minecraft:polar_bear, CREATURE
minecraft:pufferfish, WATER_AMBIENT
minecraft:rabbit, CREATURE
minecraft:ravager, MONSTER
minecraft:salmon, WATER_AMBIENT
minecraft:sheep, CREATURE
minecraft:shulker, MONSTER
minecraft:silverfish, MONSTER
minecraft:skeleton, MONSTER
minecraft:skeleton_horse, CREATURE
minecraft:slime, MONSTER
minecraft:spider, MONSTER
minecraft:squid, WATER_CREATURE
minecraft:stray, MONSTER
minecraft:strider, CREATURE
minecraft:trader_llama, CREATURE
minecraft:tropical_fish, WATER_AMBIENT
minecraft:turtle, CREATURE
minecraft:vex, MONSTER
minecraft:vindicator, MONSTER
minecraft:wandering_trader, CREATURE
minecraft:witch, MONSTER
minecraft:wither, MONSTER
minecraft:wither_skeleton, MONSTER
minecraft:wolf, CREATURE
minecraft:zoglin, MONSTER
minecraft:zombie, MONSTER
minecraft:zombie_horse, CREATURE
minecraft:zombie_villager, MONSTER
minecraft:zombified_piglin, MONSTER
mowziesmobs:foliaath, MONSTER
mowziesmobs:baby_foliaath, MONSTER
mowziesmobs:ferrous_wroughtnaut, MONSTER
mowziesmobs:barakoan_barakoana, MONSTER
mowziesmobs:barakoan_player, MONSTER
mowziesmobs:barakoa_sunblocker_player, MONSTER
mowziesmobs:barakoaya, MONSTER
mowziesmobs:barakoana, MONSTER
mowziesmobs:barakoa_sunblocker, MONSTER
mowziesmobs:barako, MONSTER
mowziesmobs:frostmaw, MONSTER
mowziesmobs:grottol, MONSTER
mowziesmobs:lantern, AMBIENT
mowziesmobs:naga, MONSTER
alexsmobs:grizzly_bear, CREATURE
alexsmobs:roadrunner, CREATURE
alexsmobs:bone_serpent, MONSTER
alexsmobs:bone_serpent_part, MONSTER
alexsmobs:gazelle, CREATURE
alexsmobs:crocodile, WATER_CREATURE
alexsmobs:fly, AMBIENT
alexsmobs:hummingbird, CREATURE
alexsmobs:orca, WATER_CREATURE
alexsmobs:sunbird, CREATURE
alexsmobs:gorilla, CREATURE
alexsmobs:crimson_mosquito, MONSTER
alexsmobs:rattlesnake, CREATURE
alexsmobs:endergrade, CREATURE
alexsmobs:hammerhead_shark, WATER_CREATURE
alexsmobs:lobster, WATER_AMBIENT
alexsmobs:komodo_dragon, CREATURE
alexsmobs:capuchin_monkey, CREATURE
alexsmobs:centipede_head, CREATURE
alexsmobs:centipede_body, CREATURE
alexsmobs:centipede_tail, CREATURE
alexsmobs:warped_toad, CREATURE
alexsmobs:moose, CREATURE
alexsmobs:mimicube, MONSTER
alexsmobs:raccoon, CREATURE
alexsmobs:blobfish, WATER_AMBIENT
alexsmobs:seal, CREATURE
alexsmobs:cockroach, AMBIENT
alexsmobs:shoebill, CREATURE
alexsmobs:elephant, CREATURE
alexsmobs:soul_vulture, MONSTER
alexsmobs:snow_leopard, CREATURE
alexsmobs:spectre, CREATURE
alexsmobs:crow, CREATURE
alexsmobs:alligator_snapping_turtle, CREATURE
alexsmobs:mungus, CREATURE
alexsmobs:mantis_shrimp, WATER_CREATURE
alexsmobs:guster, MONSTER
alexsmobs:warped_mosco, MONSTER
alexsmobs:straddler, MONSTER
alexsmobs:stradpole, WATER_AMBIENT
alexsmobs:emu, CREATURE
alexsmobs:platypus, CREATURE
alexsmobs:dropbear, MONSTER
alexsmobs:tasmanian_devil, CREATURE
alexsmobs:kangaroo, CREATURE
alexsmobs:cachalot_whale, WATER_CREATURE
alexsmobs:leafcutter_ant, CREATURE
alexsmobs:enderiophage, CREATURE
alexsmobs:bald_eagle, CREATURE
alexsmobs:tiger, CREATURE
alexsmobs:tarantula_hawk, CREATURE
alexsmobs:void_worm, MONSTER
alexsmobs:void_worm_part, MONSTER
alexsmobs:frilled_shark, WATER_CREATURE
alexsmobs:mimic_octopus, WATER_CREATURE
alexsmobs:seagull, CREATURE
untamedwilds:tarantula, CREATURE
untamedwilds:snake, CREATURE
untamedwilds:softshell_turtle, CREATURE
untamedwilds:tortoise, CREATURE
untamedwilds:giant_clam, CREATURE
untamedwilds:hippo, CREATURE
untamedwilds:aardvark, CREATURE
untamedwilds:rhino, CREATURE
untamedwilds:hyena, CREATURE
untamedwilds:bear_black, CREATURE
untamedwilds:bear_blind, CREATURE
untamedwilds:bear_brown, CREATURE
untamedwilds:bear_cave, CREATURE
untamedwilds:bear_panda, CREATURE
untamedwilds:bear_polar, CREATURE
untamedwilds:bear_spectacled, CREATURE
untamedwilds:bear_sun, CREATURE
untamedwilds:bigcat_jaguar, CREATURE
untamedwilds:bigcat_leopard, CREATURE
untamedwilds:bigcat_lion, CREATURE
untamedwilds:bigcat_puma, CREATURE
untamedwilds:bigcat_snow_leopard, CREATURE
untamedwilds:bigcat_tiger, CREATURE
untamedwilds:bigcat_cave_lion, CREATURE
untamedwilds:bigcat_marsupial_lion, CREATURE
untamedwilds:bigcat_sabertooth, CREATURE
untamedwilds:bigcat_dire_lion, CREATURE
untamedwilds:sunfish, CREATURE
untamedwilds:trevally, CREATURE
untamedwilds:arowana, CREATURE
untamedwilds:shark, CREATURE
untamedwilds:football_fish, CREATURE
untamedwilds:giant_salamander, CREATURE
risingtides:shark, WATER_CREATURE
risingtides:penguin, CREATURE
risingtides:crab, CREATURE
risingtides:mantaray, WATER_AMBIENT
risingtides:snail, CREATURE
risingtides:lionfish, WATER_AMBIENT
risingtides:walrus, CREATURE
risingtides:piranha, MONSTER
risingtides:whale, AMBIENT
risingtides:seahorse, WATER_AMBIENT
risingtides:jellyfish, WATER_AMBIENT
projectvibrantjourneys:fly, pvj_ambient
projectvibrantjourneys:firefly, pvj_night_ambient
projectvibrantjourneys:starfish, pvj_ambient
projectvibrantjourneys:ocean_starfish, pvj_water_ambient
projectvibrantjourneys:clam, pvj_water_ambient
projectvibrantjourneys:snail, pvj_ambient
projectvibrantjourneys:slug, pvj_ambient
projectvibrantjourneys:small_spider, pvj_ambient
projectvibrantjourneys:frog, pvj_ambient
projectvibrantjourneys:night_bat, pvj_night_ambient
dannys_expansion:child_rammer, CREATURE
dannys_expansion:blue_slime, CREATURE
dannys_expansion:grand_rammer, CREATURE
dannys_expansion:rammer, CREATURE
dannys_expansion:arid_abomination, MONSTER
dannys_expansion:black_scorpion, MONSTER
dannys_expansion:cursed_skull, MONSTER
dannys_expansion:desolated, MONSTER
dannys_expansion:ender_beast_archer, MONSTER
dannys_expansion:ender_beast_lancer, MONSTER
dannys_expansion:frozen_ghoul, MONSTER
dannys_expansion:frozen_slime, MONSTER
dannys_expansion:magma_slime, MONSTER
dannys_expansion:ghoul, MONSTER
dannys_expansion:ice_elemental, MONSTER
dannys_expansion:jungle_golem, MONSTER
dannys_expansion:jungle_slime, MONSTER
dannys_expansion:klifour, MONSTER
dannys_expansion:magma_gulper, MONSTER
dannys_expansion:mummy, MONSTER
dannys_expansion:mundane_slime, MONSTER
dannys_expansion:nyctoid, MONSTER
dannys_expansion:possessed_armor, MONSTER
dannys_expansion:sand_scarab, MONSTER
dannys_expansion:snaith, MONSTER
dannys_expansion:spore_slime, MONSTER
dannys_expansion:sporer, MONSTER
aquaculture:box_turtle, CREATURE
aquaculture:arrau_turtle, CREATURE
aquaculture:starshell_turtle, CREATURE
aquaculture:atlantic_cod, WATER_AMBIENT
aquaculture:blackfish, WATER_AMBIENT
aquaculture:pacific_halibut, WATER_AMBIENT
aquaculture:atlantic_halibut, WATER_AMBIENT
aquaculture:atlantic_herring, WATER_AMBIENT
aquaculture:pink_salmon, WATER_AMBIENT
aquaculture:pollock, WATER_AMBIENT
aquaculture:rainbow_trout, WATER_AMBIENT
aquaculture:bayad, WATER_AMBIENT
aquaculture:boulti, WATER_AMBIENT
aquaculture:capitaine, WATER_AMBIENT
aquaculture:synodontis, WATER_AMBIENT
aquaculture:smallmouth_bass, WATER_AMBIENT
aquaculture:bluegill, WATER_AMBIENT
aquaculture:brown_trout, WATER_AMBIENT
aquaculture:carp, WATER_AMBIENT
aquaculture:catfish, WATER_AMBIENT
aquaculture:gar, WATER_AMBIENT
aquaculture:minnow, WATER_AMBIENT
aquaculture:muskellunge, WATER_AMBIENT
aquaculture:perch, WATER_AMBIENT
aquaculture:arapaima, WATER_AMBIENT
aquaculture:piranha, WATER_AMBIENT
aquaculture:tambaqui, WATER_AMBIENT
aquaculture:brown_shrooma, WATER_AMBIENT
aquaculture:red_shrooma, WATER_AMBIENT
aquaculture:jellyfish, WATER_AMBIENT
aquaculture:red_grouper, WATER_AMBIENT
aquaculture:tuna, WATER_AMBIENT
exoticbirds:booby, CREATURE
exoticbirds:owl, CREATURE
exoticbirds:peafowl, CREATURE
exoticbirds:flamingo, CREATURE
exoticbirds:bluejay, CREATURE
exoticbirds:cardinal, CREATURE
exoticbirds:robin, CREATURE
exoticbirds:crane, CREATURE
exoticbirds:heron, CREATURE
exoticbirds:lyrebird, CREATURE
exoticbirds:kiwi, CREATURE
exoticbirds:toucan, CREATURE
exoticbirds:duck, CREATURE
exoticbirds:swan, CREATURE
exoticbirds:penguin, CREATURE
exoticbirds:pigeon, CREATURE
exoticbirds:budgerigar, CREATURE
exoticbirds:gouldianfinch, CREATURE
exoticbirds:cockatoo, CREATURE
exoticbirds:pelican, CREATURE
exoticbirds:roadrunner, CREATURE
exoticbirds:cassowary, CREATURE
exoticbirds:gull, CREATURE
exoticbirds:ostrich, CREATURE
exoticbirds:kingfisher, CREATURE
exoticbirds:kookaburra, CREATURE
exoticbirds:magpie, CREATURE
exoticbirds:hummingbird, CREATURE
exoticbirds:woodpecker, CREATURE
exoticbirds:macaw, CREATURE
minecraft:bat, AMBIENT
minecraft:bee, CREATURE
minecraft:blaze, MONSTER
minecraft:cat, CREATURE
minecraft:cave_spider, MONSTER
minecraft:chicken, CREATURE
minecraft:cod, WATER_AMBIENT
minecraft:cow, CREATURE
minecraft:creeper, MONSTER
minecraft:dolphin, WATER_CREATURE
minecraft:donkey, CREATURE
minecraft:drowned, MONSTER
minecraft:elder_guardian, MONSTER
minecraft:ender_dragon, MONSTER
minecraft:enderman, MONSTER
minecraft:endermite, MONSTER
minecraft:evoker, MONSTER
minecraft:fox, CREATURE
minecraft:ghast, MONSTER
minecraft:giant, MONSTER
minecraft:guardian, MONSTER
minecraft:hoglin, MONSTER
minecraft:horse, CREATURE
minecraft:husk, MONSTER
minecraft:illusioner, MONSTER
minecraft:llama, CREATURE
minecraft:magma_cube, MONSTER
minecraft:mule, CREATURE
minecraft:mooshroom, CREATURE
minecraft:ocelot, CREATURE
minecraft:panda, CREATURE
minecraft:parrot, CREATURE
minecraft:phantom, MONSTER
minecraft:pig, CREATURE
minecraft:piglin, MONSTER
minecraft:piglin_brute, MONSTER
minecraft:pillager, MONSTER
minecraft:polar_bear, CREATURE
minecraft:pufferfish, WATER_AMBIENT
minecraft:rabbit, CREATURE
minecraft:ravager, MONSTER
minecraft:salmon, WATER_AMBIENT
minecraft:sheep, CREATURE
minecraft:shulker, MONSTER
minecraft:silverfish, MONSTER
minecraft:skeleton, MONSTER
minecraft:skeleton_horse, CREATURE
minecraft:slime, MONSTER
minecraft:spider, MONSTER
minecraft:squid, WATER_CREATURE
minecraft:stray, MONSTER
minecraft:strider, CREATURE
minecraft:trader_llama, CREATURE
minecraft:tropical_fish, WATER_AMBIENT
minecraft:turtle, CREATURE
minecraft:vex, MONSTER
minecraft:vindicator, MONSTER
minecraft:wandering_trader, CREATURE
minecraft:witch, MONSTER
minecraft:wither, MONSTER
minecraft:wither_skeleton, MONSTER
minecraft:wolf, CREATURE
minecraft:zoglin, MONSTER
minecraft:zombie, MONSTER
minecraft:zombie_horse, CREATURE
minecraft:zombie_villager, MONSTER
minecraft:zombified_piglin, MONSTER
mowziesmobs:foliaath, MONSTER
mowziesmobs:baby_foliaath, MONSTER
mowziesmobs:ferrous_wroughtnaut, MONSTER
mowziesmobs:barakoan_barakoana, MONSTER
mowziesmobs:barakoan_player, MONSTER
mowziesmobs:barakoa_sunblocker_player, MONSTER
mowziesmobs:barakoaya, MONSTER
mowziesmobs:barakoana, MONSTER
mowziesmobs:barakoa_sunblocker, MONSTER
mowziesmobs:barako, MONSTER
mowziesmobs:frostmaw, MONSTER
mowziesmobs:grottol, MONSTER
mowziesmobs:lantern, AMBIENT
mowziesmobs:naga, MONSTER
alexsmobs:grizzly_bear, CREATURE
alexsmobs:roadrunner, CREATURE
alexsmobs:bone_serpent, MONSTER
alexsmobs:bone_serpent_part, MONSTER
alexsmobs:gazelle, CREATURE
alexsmobs:crocodile, WATER_CREATURE
alexsmobs:fly, AMBIENT
alexsmobs:hummingbird, CREATURE
alexsmobs:orca, WATER_CREATURE
alexsmobs:sunbird, CREATURE
alexsmobs:gorilla, CREATURE
alexsmobs:crimson_mosquito, MONSTER
alexsmobs:rattlesnake, CREATURE
alexsmobs:endergrade, CREATURE
alexsmobs:hammerhead_shark, WATER_CREATURE
alexsmobs:lobster, WATER_AMBIENT
alexsmobs:komodo_dragon, CREATURE
alexsmobs:capuchin_monkey, CREATURE
alexsmobs:centipede_head, CREATURE
alexsmobs:centipede_body, CREATURE
alexsmobs:centipede_tail, CREATURE
alexsmobs:warped_toad, CREATURE
alexsmobs:moose, CREATURE
alexsmobs:mimicube, MONSTER
alexsmobs:raccoon, CREATURE
alexsmobs:blobfish, WATER_AMBIENT
alexsmobs:seal, CREATURE
alexsmobs:cockroach, AMBIENT
alexsmobs:shoebill, CREATURE
alexsmobs:elephant, CREATURE
alexsmobs:soul_vulture, MONSTER
alexsmobs:snow_leopard, CREATURE
alexsmobs:spectre, CREATURE
alexsmobs:crow, CREATURE
alexsmobs:alligator_snapping_turtle, CREATURE
alexsmobs:mungus, CREATURE
alexsmobs:mantis_shrimp, WATER_CREATURE
alexsmobs:guster, MONSTER
alexsmobs:warped_mosco, MONSTER
alexsmobs:straddler, MONSTER
alexsmobs:stradpole, WATER_AMBIENT
alexsmobs:emu, CREATURE
alexsmobs:platypus, CREATURE
alexsmobs:dropbear, MONSTER
alexsmobs:tasmanian_devil, CREATURE
alexsmobs:kangaroo, CREATURE
alexsmobs:cachalot_whale, WATER_CREATURE
alexsmobs:leafcutter_ant, CREATURE
alexsmobs:enderiophage, CREATURE
alexsmobs:bald_eagle, CREATURE
alexsmobs:tiger, CREATURE
alexsmobs:tarantula_hawk, CREATURE
alexsmobs:void_worm, MONSTER
alexsmobs:void_worm_part, MONSTER
alexsmobs:frilled_shark, WATER_CREATURE
alexsmobs:mimic_octopus, WATER_CREATURE
alexsmobs:seagull, CREATURE
untamedwilds:tarantula, CREATURE
untamedwilds:snake, CREATURE
untamedwilds:softshell_turtle, CREATURE
untamedwilds:tortoise, CREATURE
untamedwilds:giant_clam, CREATURE
untamedwilds:hippo, CREATURE
untamedwilds:aardvark, CREATURE
untamedwilds:rhino, CREATURE
untamedwilds:hyena, CREATURE
untamedwilds:bear_black, CREATURE
untamedwilds:bear_blind, CREATURE
untamedwilds:bear_brown, CREATURE
untamedwilds:bear_cave, CREATURE
untamedwilds:bear_panda, CREATURE
untamedwilds:bear_polar, CREATURE
untamedwilds:bear_spectacled, CREATURE
untamedwilds:bear_sun, CREATURE
untamedwilds:bigcat_jaguar, CREATURE
untamedwilds:bigcat_leopard, CREATURE
untamedwilds:bigcat_lion, CREATURE
untamedwilds:bigcat_puma, CREATURE
untamedwilds:bigcat_snow_leopard, CREATURE
untamedwilds:bigcat_tiger, CREATURE
untamedwilds:bigcat_cave_lion, CREATURE
untamedwilds:bigcat_marsupial_lion, CREATURE
untamedwilds:bigcat_sabertooth, CREATURE
untamedwilds:bigcat_dire_lion, CREATURE
untamedwilds:sunfish, CREATURE
untamedwilds:trevally, CREATURE
untamedwilds:arowana, CREATURE
untamedwilds:shark, CREATURE
untamedwilds:football_fish, CREATURE
untamedwilds:giant_salamander, CREATURE
risingtides:shark, WATER_CREATURE
risingtides:penguin, CREATURE
risingtides:crab, CREATURE
risingtides:mantaray, WATER_AMBIENT
risingtides:snail, CREATURE
risingtides:lionfish, WATER_AMBIENT
risingtides:walrus, CREATURE
risingtides:piranha, MONSTER
risingtides:whale, AMBIENT
risingtides:seahorse, WATER_AMBIENT
risingtides:jellyfish, WATER_AMBIENT
projectvibrantjourneys:fly, pvj_ambient
projectvibrantjourneys:firefly, pvj_night_ambient
projectvibrantjourneys:starfish, pvj_ambient
projectvibrantjourneys:ocean_starfish, pvj_water_ambient
projectvibrantjourneys:clam, pvj_water_ambient
projectvibrantjourneys:snail, pvj_ambient
projectvibrantjourneys:slug, pvj_ambient
projectvibrantjourneys:small_spider, pvj_ambient
projectvibrantjourneys:frog, pvj_ambient
projectvibrantjourneys:night_bat, pvj_night_ambient
dannys_expansion:child_rammer, CREATURE
dannys_expansion:blue_slime, CREATURE
dannys_expansion:grand_rammer, CREATURE
dannys_expansion:rammer, CREATURE
dannys_expansion:arid_abomination, MONSTER
dannys_expansion:black_scorpion, MONSTER
dannys_expansion:cursed_skull, MONSTER
dannys_expansion:desolated, MONSTER
dannys_expansion:ender_beast_archer, MONSTER
dannys_expansion:ender_beast_lancer, MONSTER
dannys_expansion:frozen_ghoul, MONSTER
dannys_expansion:frozen_slime, MONSTER
dannys_expansion:magma_slime, MONSTER
dannys_expansion:ghoul, MONSTER
dannys_expansion:ice_elemental, MONSTER
dannys_expansion:jungle_golem, MONSTER
dannys_expansion:jungle_slime, MONSTER
dannys_expansion:klifour, MONSTER
dannys_expansion:magma_gulper, MONSTER
dannys_expansion:mummy, MONSTER
dannys_expansion:mundane_slime, MONSTER
dannys_expansion:nyctoid, MONSTER
dannys_expansion:possessed_armor, MONSTER
dannys_expansion:sand_scarab, MONSTER
dannys_expansion:snaith, MONSTER
dannys_expansion:spore_slime, MONSTER
dannys_expansion:sporer, MONSTER
aquaculture:box_turtle, CREATURE
aquaculture:arrau_turtle, CREATURE
aquaculture:starshell_turtle, CREATURE
aquaculture:atlantic_cod, WATER_AMBIENT
aquaculture:blackfish, WATER_AMBIENT
aquaculture:pacific_halibut, WATER_AMBIENT
aquaculture:atlantic_halibut, WATER_AMBIENT
aquaculture:atlantic_herring, WATER_AMBIENT
aquaculture:pink_salmon, WATER_AMBIENT
aquaculture:pollock, WATER_AMBIENT
aquaculture:rainbow_trout, WATER_AMBIENT
aquaculture:bayad, WATER_AMBIENT
aquaculture:boulti, WATER_AMBIENT
aquaculture:capitaine, WATER_AMBIENT
aquaculture:synodontis, WATER_AMBIENT
aquaculture:smallmouth_bass, WATER_AMBIENT
aquaculture:bluegill, WATER_AMBIENT
aquaculture:brown_trout, WATER_AMBIENT
aquaculture:carp, WATER_AMBIENT
aquaculture:catfish, WATER_AMBIENT
aquaculture:gar, WATER_AMBIENT
aquaculture:minnow, WATER_AMBIENT
aquaculture:muskellunge, WATER_AMBIENT
aquaculture:perch, WATER_AMBIENT
aquaculture:arapaima, WATER_AMBIENT
aquaculture:piranha, WATER_AMBIENT
aquaculture:tambaqui, WATER_AMBIENT
aquaculture:brown_shrooma, WATER_AMBIENT
aquaculture:red_shrooma, WATER_AMBIENT
aquaculture:jellyfish, WATER_AMBIENT
aquaculture:red_grouper, WATER_AMBIENT
aquaculture:tuna, WATER_AMBIENT
exoticbirds:booby, CREATURE
exoticbirds:owl, CREATURE
exoticbirds:peafowl, CREATURE
exoticbirds:flamingo, CREATURE
exoticbirds:bluejay, CREATURE
exoticbirds:cardinal, CREATURE
exoticbirds:robin, CREATURE
exoticbirds:crane, CREATURE
exoticbirds:heron, CREATURE
exoticbirds:lyrebird, CREATURE
exoticbirds:kiwi, CREATURE
exoticbirds:toucan, CREATURE
exoticbirds:duck, CREATURE
exoticbirds:swan, CREATURE
exoticbirds:penguin, CREATURE
exoticbirds:pigeon, CREATURE
exoticbirds:budgerigar, CREATURE
exoticbirds:gouldianfinch, CREATURE
exoticbirds:cockatoo, CREATURE
exoticbirds:pelican, CREATURE
exoticbirds:roadrunner, CREATURE
exoticbirds:cassowary, CREATURE
exoticbirds:gull, CREATURE
exoticbirds:ostrich, CREATURE
exoticbirds:kingfisher, CREATURE
exoticbirds:kookaburra, CREATURE
exoticbirds:magpie, CREATURE
exoticbirds:hummingbird, CREATURE
exoticbirds:woodpecker, CREATURE
exoticbirds:macaw, CREATURE
minecraft:bat, AMBIENT
minecraft:bee, CREATURE
minecraft:blaze, MONSTER
minecraft:cat, CREATURE
minecraft:cave_spider, MONSTER
minecraft:chicken, CREATURE
minecraft:cod, WATER_AMBIENT
minecraft:cow, CREATURE
minecraft:creeper, MONSTER
minecraft:dolphin, WATER_CREATURE
minecraft:donkey, CREATURE
minecraft:drowned, MONSTER
minecraft:elder_guardian, MONSTER
minecraft:ender_dragon, MONSTER
minecraft:enderman, MONSTER
minecraft:endermite, MONSTER
minecraft:evoker, MONSTER
minecraft:fox, CREATURE
minecraft:ghast, MONSTER
minecraft:giant, MONSTER
minecraft:guardian, MONSTER
minecraft:hoglin, MONSTER
minecraft:horse, CREATURE
minecraft:husk, MONSTER
minecraft:illusioner, MONSTER
minecraft:llama, CREATURE
minecraft:magma_cube, MONSTER
minecraft:mule, CREATURE
minecraft:mooshroom, CREATURE
minecraft:ocelot, CREATURE
minecraft:panda, CREATURE
minecraft:parrot, CREATURE
minecraft:phantom, MONSTER
minecraft:pig, CREATURE
minecraft:piglin, MONSTER
minecraft:piglin_brute, MONSTER
minecraft:pillager, MONSTER
minecraft:polar_bear, CREATURE
minecraft:pufferfish, WATER_AMBIENT
minecraft:rabbit, CREATURE
minecraft:ravager, MONSTER
minecraft:salmon, WATER_AMBIENT
minecraft:sheep, CREATURE
minecraft:shulker, MONSTER
minecraft:silverfish, MONSTER
minecraft:skeleton, MONSTER
minecraft:skeleton_horse, CREATURE
minecraft:slime, MONSTER
minecraft:spider, MONSTER
minecraft:squid, WATER_CREATURE
minecraft:stray, MONSTER
minecraft:strider, CREATURE
minecraft:trader_llama, CREATURE
minecraft:tropical_fish, WATER_AMBIENT
minecraft:turtle, CREATURE
minecraft:vex, MONSTER
minecraft:vindicator, MONSTER
minecraft:wandering_trader, CREATURE
minecraft:witch, MONSTER
minecraft:wither, MONSTER
minecraft:wither_skeleton, MONSTER
minecraft:wolf, CREATURE
minecraft:zoglin, MONSTER
minecraft:zombie, MONSTER
minecraft:zombie_horse, CREATURE
minecraft:zombie_villager, MONSTER
minecraft:zombified_piglin, MONSTER
mowziesmobs:foliaath, MONSTER
mowziesmobs:baby_foliaath, MONSTER
mowziesmobs:ferrous_wroughtnaut, MONSTER
mowziesmobs:barakoan_barakoana, MONSTER
mowziesmobs:barakoan_player, MONSTER
mowziesmobs:barakoa_sunblocker_player, MONSTER
mowziesmobs:barakoaya, MONSTER
mowziesmobs:barakoana, MONSTER
mowziesmobs:barakoa_sunblocker, MONSTER
mowziesmobs:barako, MONSTER
mowziesmobs:frostmaw, MONSTER
mowziesmobs:grottol, MONSTER
mowziesmobs:lantern, AMBIENT
mowziesmobs:naga, MONSTER
alexsmobs:grizzly_bear, CREATURE
alexsmobs:roadrunner, CREATURE
alexsmobs:bone_serpent, MONSTER
alexsmobs:bone_serpent_part, MONSTER
alexsmobs:gazelle, CREATURE
alexsmobs:crocodile, WATER_CREATURE
alexsmobs:fly, AMBIENT
alexsmobs:hummingbird, CREATURE
alexsmobs:orca, WATER_CREATURE
alexsmobs:sunbird, CREATURE
alexsmobs:gorilla, CREATURE
alexsmobs:crimson_mosquito, MONSTER
alexsmobs:rattlesnake, CREATURE
alexsmobs:endergrade, CREATURE
alexsmobs:hammerhead_shark, WATER_CREATURE
alexsmobs:lobster, WATER_AMBIENT
alexsmobs:komodo_dragon, CREATURE
alexsmobs:capuchin_monkey, CREATURE
alexsmobs:centipede_head, CREATURE
alexsmobs:centipede_body, CREATURE
alexsmobs:centipede_tail, CREATURE
alexsmobs:warped_toad, CREATURE
alexsmobs:moose, CREATURE
alexsmobs:mimicube, MONSTER
alexsmobs:raccoon, CREATURE
alexsmobs:blobfish, WATER_AMBIENT
alexsmobs:seal, CREATURE
alexsmobs:cockroach, AMBIENT
alexsmobs:shoebill, CREATURE
alexsmobs:elephant, CREATURE
alexsmobs:soul_vulture, MONSTER
alexsmobs:snow_leopard, CREATURE
alexsmobs:spectre, CREATURE
alexsmobs:crow, CREATURE
alexsmobs:alligator_snapping_turtle, CREATURE
alexsmobs:mungus, CREATURE
alexsmobs:mantis_shrimp, WATER_CREATURE
alexsmobs:guster, MONSTER
alexsmobs:warped_mosco, MONSTER
alexsmobs:straddler, MONSTER
alexsmobs:stradpole, WATER_AMBIENT
alexsmobs:emu, CREATURE
alexsmobs:platypus, CREATURE
alexsmobs:dropbear, MONSTER
alexsmobs:tasmanian_devil, CREATURE
alexsmobs:kangaroo, CREATURE
alexsmobs:cachalot_whale, WATER_CREATURE
alexsmobs:leafcutter_ant, CREATURE
alexsmobs:enderiophage, CREATURE
alexsmobs:bald_eagle, CREATURE
alexsmobs:tiger, CREATURE
alexsmobs:tarantula_hawk, CREATURE
alexsmobs:void_worm, MONSTER
alexsmobs:void_worm_part, MONSTER
alexsmobs:frilled_shark, WATER_CREATURE
alexsmobs:mimic_octopus, WATER_CREATURE
alexsmobs:seagull, CREATURE
untamedwilds:tarantula, CREATURE
untamedwilds:snake, CREATURE
untamedwilds:softshell_turtle, CREATURE
untamedwilds:tortoise, CREATURE
untamedwilds:giant_clam, CREATURE
untamedwilds:hippo, CREATURE
untamedwilds:aardvark, CREATURE
untamedwilds:rhino, CREATURE
untamedwilds:hyena, CREATURE
untamedwilds:bear_black, CREATURE
untamedwilds:bear_blind, CREATURE
untamedwilds:bear_brown, CREATURE
untamedwilds:bear_cave, CREATURE
untamedwilds:bear_panda, CREATURE
untamedwilds:bear_polar, CREATURE
untamedwilds:bear_spectacled, CREATURE
untamedwilds:bear_sun, CREATURE
untamedwilds:bigcat_jaguar, CREATURE
untamedwilds:bigcat_leopard, CREATURE
untamedwilds:bigcat_lion, CREATURE
untamedwilds:bigcat_puma, CREATURE
untamedwilds:bigcat_snow_leopard, CREATURE
untamedwilds:bigcat_tiger, CREATURE
untamedwilds:bigcat_cave_lion, CREATURE
untamedwilds:bigcat_marsupial_lion, CREATURE
untamedwilds:bigcat_sabertooth, CREATURE
untamedwilds:bigcat_dire_lion, CREATURE
untamedwilds:sunfish, CREATURE
untamedwilds:trevally, CREATURE
untamedwilds:arowana, CREATURE
untamedwilds:shark, CREATURE
untamedwilds:football_fish, CREATURE
untamedwilds:giant_salamander, CREATURE
risingtides:shark, WATER_CREATURE
risingtides:penguin, CREATURE
risingtides:crab, CREATURE
risingtides:mantaray, WATER_AMBIENT
risingtides:snail, CREATURE
risingtides:lionfish, WATER_AMBIENT
risingtides:walrus, CREATURE
risingtides:piranha, MONSTER
risingtides:whale, AMBIENT
risingtides:seahorse, WATER_AMBIENT
risingtides:jellyfish, WATER_AMBIENT
projectvibrantjourneys:fly, pvj_ambient
projectvibrantjourneys:firefly, pvj_night_ambient
projectvibrantjourneys:starfish, pvj_ambient
projectvibrantjourneys:ocean_starfish, pvj_water_ambient
projectvibrantjourneys:clam, pvj_water_ambient
projectvibrantjourneys:snail, pvj_ambient
projectvibrantjourneys:slug, pvj_ambient
projectvibrantjourneys:small_spider, pvj_ambient
projectvibrantjourneys:frog, pvj_ambient
projectvibrantjourneys:night_bat, pvj_night_ambient
dannys_expansion:child_rammer, CREATURE
dannys_expansion:blue_slime, CREATURE
dannys_expansion:grand_rammer, CREATURE
dannys_expansion:rammer, CREATURE
dannys_expansion:arid_abomination, MONSTER
dannys_expansion:black_scorpion, MONSTER
dannys_expansion:cursed_skull, MONSTER
dannys_expansion:desolated, MONSTER
dannys_expansion:ender_beast_archer, MONSTER
dannys_expansion:ender_beast_lancer, MONSTER
dannys_expansion:frozen_ghoul, MONSTER
dannys_expansion:frozen_slime, MONSTER
dannys_expansion:magma_slime, MONSTER
dannys_expansion:ghoul, MONSTER
dannys_expansion:ice_elemental, MONSTER
dannys_expansion:jungle_golem, MONSTER
dannys_expansion:jungle_slime, MONSTER
dannys_expansion:klifour, MONSTER
dannys_expansion:magma_gulper, MONSTER
dannys_expansion:mummy, MONSTER
dannys_expansion:mundane_slime, MONSTER
dannys_expansion:nyctoid, MONSTER
dannys_expansion:possessed_armor, MONSTER
dannys_expansion:sand_scarab, MONSTER
dannys_expansion:snaith, MONSTER
dannys_expansion:spore_slime, MONSTER
dannys_expansion:sporer, MONSTER
aquaculture:box_turtle, CREATURE
aquaculture:arrau_turtle, CREATURE
aquaculture:starshell_turtle, CREATURE
aquaculture:atlantic_cod, WATER_AMBIENT
aquaculture:blackfish, WATER_AMBIENT
aquaculture:pacific_halibut, WATER_AMBIENT
aquaculture:atlantic_halibut, WATER_AMBIENT
aquaculture:atlantic_herring, WATER_AMBIENT
aquaculture:pink_salmon, WATER_AMBIENT
aquaculture:pollock, WATER_AMBIENT
aquaculture:rainbow_trout, WATER_AMBIENT
aquaculture:bayad, WATER_AMBIENT
aquaculture:boulti, WATER_AMBIENT
aquaculture:capitaine, WATER_AMBIENT
aquaculture:synodontis, WATER_AMBIENT
aquaculture:smallmouth_bass, WATER_AMBIENT
aquaculture:bluegill, WATER_AMBIENT
aquaculture:brown_trout, WATER_AMBIENT
aquaculture:carp, WATER_AMBIENT
aquaculture:catfish, WATER_AMBIENT
aquaculture:gar, WATER_AMBIENT
aquaculture:minnow, WATER_AMBIENT
aquaculture:muskellunge, WATER_AMBIENT
aquaculture:perch, WATER_AMBIENT
aquaculture:arapaima, WATER_AMBIENT
aquaculture:piranha, WATER_AMBIENT
aquaculture:tambaqui, WATER_AMBIENT
aquaculture:brown_shrooma, WATER_AMBIENT
aquaculture:red_shrooma, WATER_AMBIENT
aquaculture:jellyfish, WATER_AMBIENT
aquaculture:red_grouper, WATER_AMBIENT
aquaculture:tuna, WATER_AMBIENT
exoticbirds:booby, CREATURE
exoticbirds:owl, CREATURE
exoticbirds:peafowl, CREATURE
exoticbirds:flamingo, CREATURE
exoticbirds:bluejay, CREATURE
exoticbirds:cardinal, CREATURE
exoticbirds:robin, CREATURE
exoticbirds:crane, CREATURE
exoticbirds:heron, CREATURE
exoticbirds:lyrebird, CREATURE
exoticbirds:kiwi, CREATURE
exoticbirds:toucan, CREATURE
exoticbirds:duck, CREATURE
exoticbirds:swan, CREATURE
exoticbirds:penguin, CREATURE
exoticbirds:pigeon, CREATURE
exoticbirds:budgerigar, CREATURE
exoticbirds:gouldianfinch, CREATURE
exoticbirds:cockatoo, CREATURE
exoticbirds:pelican, CREATURE
exoticbirds:roadrunner, CREATURE
exoticbirds:cassowary, CREATURE
exoticbirds:gull, CREATURE
exoticbirds:ostrich, CREATURE
exoticbirds:kingfisher, CREATURE
exoticbirds:kookaburra, CREATURE
exoticbirds:magpie, CREATURE
exoticbirds:hummingbird, CREATURE
exoticbirds:woodpecker, CREATURE
exoticbirds:macaw, CREATURE
minecraft:bat, AMBIENT
minecraft:bee, CREATURE
minecraft:blaze, MONSTER
minecraft:cat, CREATURE
minecraft:cave_spider, MONSTER
minecraft:chicken, CREATURE
minecraft:cod, WATER_AMBIENT
minecraft:cow, CREATURE
minecraft:creeper, MONSTER
minecraft:dolphin, WATER_CREATURE
minecraft:donkey, CREATURE
minecraft:drowned, MONSTER
minecraft:elder_guardian, MONSTER
minecraft:ender_dragon, MONSTER
minecraft:enderman, MONSTER
minecraft:endermite, MONSTER
minecraft:evoker, MONSTER
minecraft:fox, CREATURE
minecraft:ghast, MONSTER
minecraft:giant, MONSTER
minecraft:guardian, MONSTER
minecraft:hoglin, MONSTER
minecraft:horse, CREATURE
minecraft:husk, MONSTER
minecraft:illusioner, MONSTER
minecraft:llama, CREATURE
minecraft:magma_cube, MONSTER
minecraft:mule, CREATURE
minecraft:mooshroom, CREATURE
minecraft:ocelot, CREATURE
minecraft:panda, CREATURE
minecraft:parrot, CREATURE
minecraft:phantom, MONSTER
minecraft:pig, CREATURE
minecraft:piglin, MONSTER
minecraft:piglin_brute, MONSTER
minecraft:pillager, MONSTER
minecraft:polar_bear, CREATURE
minecraft:pufferfish, WATER_AMBIENT
minecraft:rabbit, CREATURE
minecraft:ravager, MONSTER
minecraft:salmon, WATER_AMBIENT
minecraft:sheep, CREATURE
minecraft:shulker, MONSTER
minecraft:silverfish, MONSTER
minecraft:skeleton, MONSTER
minecraft:skeleton_horse, CREATURE
minecraft:slime, MONSTER
minecraft:spider, MONSTER
minecraft:squid, WATER_CREATURE
minecraft:stray, MONSTER
minecraft:strider, CREATURE
minecraft:trader_llama, CREATURE
minecraft:tropical_fish, WATER_AMBIENT
minecraft:turtle, CREATURE
minecraft:vex, MONSTER
minecraft:vindicator, MONSTER
minecraft:wandering_trader, CREATURE
minecraft:witch, MONSTER
minecraft:wither, MONSTER
minecraft:wither_skeleton, MONSTER
minecraft:wolf, CREATURE
minecraft:zoglin, MONSTER
minecraft:zombie, MONSTER
minecraft:zombie_horse, CREATURE
minecraft:zombie_villager, MONSTER
minecraft:zombified_piglin, MONSTER
mowziesmobs:foliaath, MONSTER
mowziesmobs:baby_foliaath, MONSTER
mowziesmobs:ferrous_wroughtnaut, MONSTER
mowziesmobs:barakoan_barakoana, MONSTER
mowziesmobs:barakoan_player, MONSTER
mowziesmobs:barakoa_sunblocker_player, MONSTER
mowziesmobs:barakoaya, MONSTER
mowziesmobs:barakoana, MONSTER
mowziesmobs:barakoa_sunblocker, MONSTER
mowziesmobs:barako, MONSTER
mowziesmobs:frostmaw, MONSTER
mowziesmobs:grottol, MONSTER
mowziesmobs:lantern, AMBIENT
mowziesmobs:naga, MONSTER
alexsmobs:grizzly_bear, CREATURE
alexsmobs:roadrunner, CREATURE
alexsmobs:bone_serpent, MONSTER
alexsmobs:bone_serpent_part, MONSTER
alexsmobs:gazelle, CREATURE
alexsmobs:crocodile, WATER_CREATURE
alexsmobs:fly, AMBIENT
alexsmobs:hummingbird, CREATURE
alexsmobs:orca, WATER_CREATURE
alexsmobs:sunbird, CREATURE
alexsmobs:gorilla, CREATURE
alexsmobs:crimson_mosquito, MONSTER
alexsmobs:rattlesnake, CREATURE
alexsmobs:endergrade, CREATURE
alexsmobs:hammerhead_shark, WATER_CREATURE
alexsmobs:lobster, WATER_AMBIENT
alexsmobs:komodo_dragon, CREATURE
alexsmobs:capuchin_monkey, CREATURE
alexsmobs:centipede_head, CREATURE
alexsmobs:centipede_body, CREATURE
alexsmobs:centipede_tail, CREATURE
alexsmobs:warped_toad, CREATURE
alexsmobs:moose, CREATURE
alexsmobs:mimicube, MONSTER
alexsmobs:raccoon, CREATURE
alexsmobs:blobfish, WATER_AMBIENT
alexsmobs:seal, CREATURE
alexsmobs:cockroach, AMBIENT
alexsmobs:shoebill, CREATURE
alexsmobs:elephant, CREATURE
alexsmobs:soul_vulture, MONSTER
alexsmobs:snow_leopard, CREATURE
alexsmobs:spectre, CREATURE
alexsmobs:crow, CREATURE
alexsmobs:alligator_snapping_turtle, CREATURE
alexsmobs:mungus, CREATURE
alexsmobs:mantis_shrimp, WATER_CREATURE
alexsmobs:guster, MONSTER
alexsmobs:warped_mosco, MONSTER
alexsmobs:straddler, MONSTER
alexsmobs:stradpole, WATER_AMBIENT
alexsmobs:emu, CREATURE
alexsmobs:platypus, CREATURE
alexsmobs:dropbear, MONSTER
alexsmobs:tasmanian_devil, CREATURE
alexsmobs:kangaroo, CREATURE
alexsmobs:cachalot_whale, WATER_CREATURE
alexsmobs:leafcutter_ant, CREATURE
alexsmobs:enderiophage, CREATURE
alexsmobs:bald_eagle, CREATURE
alexsmobs:tiger, CREATURE
alexsmobs:tarantula_hawk, CREATURE
alexsmobs:void_worm, MONSTER
alexsmobs:void_worm_part, MONSTER
alexsmobs:frilled_shark, WATER_CREATURE
alexsmobs:mimic_octopus, WATER_CREATURE
alexsmobs:seagull, CREATURE
untamedwilds:tarantula, CREATURE
untamedwilds:snake, CREATURE
untamedwilds:softshell_turtle, CREATURE
untamedwilds:tortoise, CREATURE
untamedwilds:giant_clam, CREATURE
untamedwilds:hippo, CREATURE
untamedwilds:aardvark, CREATURE
untamedwilds:rhino, CREATURE
untamedwilds:hyena, CREATURE
untamedwilds:bear_black, CREATURE
untamedwilds:bear_blind, CREATURE
untamedwilds:bear_brown, CREATURE
untamedwilds:bear_cave, CREATURE
untamedwilds:bear_panda, CREATURE
untamedwilds:bear_polar, CREATURE
untamedwilds:bear_spectacled, CREATURE
untamedwilds:bear_sun, CREATURE
untamedwilds:bigcat_jaguar, CREATURE
untamedwilds:bigcat_leopard, CREATURE
untamedwilds:bigcat_lion, CREATURE
untamedwilds:bigcat_puma, CREATURE
untamedwilds:bigcat_snow_leopard, CREATURE
untamedwilds:bigcat_tiger, CREATURE
untamedwilds:bigcat_cave_lion, CREATURE
untamedwilds:bigcat_marsupial_lion, CREATURE
untamedwilds:bigcat_sabertooth, CREATURE
untamedwilds:bigcat_dire_lion, CREATURE
untamedwilds:sunfish, CREATURE
untamedwilds:trevally, CREATURE
untamedwilds:arowana, CREATURE
untamedwilds:shark, CREATURE
untamedwilds:football_fish, CREATURE
untamedwilds:giant_salamander, CREATURE
risingtides:shark, WATER_CREATURE
risingtides:penguin, CREATURE
risingtides:crab, CREATURE
risingtides:mantaray, WATER_AMBIENT
risingtides:snail, CREATURE
risingtides:lionfish, WATER_AMBIENT
risingtides:walrus, CREATURE
risingtides:piranha, MONSTER
risingtides:whale, AMBIENT
risingtides:seahorse, WATER_AMBIENT
risingtides:jellyfish, WATER_AMBIENT
projectvibrantjourneys:fly, pvj_ambient
projectvibrantjourneys:firefly, pvj_night_ambient
projectvibrantjourneys:starfish, pvj_ambient
projectvibrantjourneys:ocean_starfish, pvj_water_ambient
projectvibrantjourneys:clam, pvj_water_ambient
projectvibrantjourneys:snail, pvj_ambient
projectvibrantjourneys:slug, pvj_ambient
projectvibrantjourneys:small_spider, pvj_ambient
projectvibrantjourneys:frog, pvj_ambient
projectvibrantjourneys:night_bat, pvj_night_ambient
dannys_expansion:child_rammer, CREATURE
dannys_expansion:blue_slime, CREATURE
dannys_expansion:grand_rammer, CREATURE
dannys_expansion:rammer, CREATURE
dannys_expansion:arid_abomination, MONSTER
dannys_expansion:black_scorpion, MONSTER
dannys_expansion:cursed_skull, MONSTER
dannys_expansion:desolated, MONSTER
dannys_expansion:ender_beast_archer, MONSTER
dannys_expansion:ender_beast_lancer, MONSTER
dannys_expansion:frozen_ghoul, MONSTER
dannys_expansion:frozen_slime, MONSTER
dannys_expansion:magma_slime, MONSTER
dannys_expansion:ghoul, MONSTER
dannys_expansion:ice_elemental, MONSTER
dannys_expansion:jungle_golem, MONSTER
dannys_expansion:jungle_slime, MONSTER
dannys_expansion:klifour, MONSTER
dannys_expansion:magma_gulper, MONSTER
dannys_expansion:mummy, MONSTER
dannys_expansion:mundane_slime, MONSTER
dannys_expansion:nyctoid, MONSTER
dannys_expansion:possessed_armor, MONSTER
dannys_expansion:sand_scarab, MONSTER
dannys_expansion:snaith, MONSTER
dannys_expansion:spore_slime, MONSTER
dannys_expansion:sporer, MONSTER
aquaculture:box_turtle, CREATURE
aquaculture:arrau_turtle, CREATURE
aquaculture:starshell_turtle, CREATURE
aquaculture:atlantic_cod, WATER_AMBIENT
aquaculture:blackfish, WATER_AMBIENT
aquaculture:pacific_halibut, WATER_AMBIENT
aquaculture:atlantic_halibut, WATER_AMBIENT
aquaculture:atlantic_herring, WATER_AMBIENT
aquaculture:pink_salmon, WATER_AMBIENT
aquaculture:pollock, WATER_AMBIENT
aquaculture:rainbow_trout, WATER_AMBIENT
aquaculture:bayad, WATER_AMBIENT
aquaculture:boulti, WATER_AMBIENT
aquaculture:capitaine, WATER_AMBIENT
aquaculture:synodontis, WATER_AMBIENT
aquaculture:smallmouth_bass, WATER_AMBIENT
aquaculture:bluegill, WATER_AMBIENT
aquaculture:brown_trout, WATER_AMBIENT
aquaculture:carp, WATER_AMBIENT
aquaculture:catfish, WATER_AMBIENT
aquaculture:gar, WATER_AMBIENT
aquaculture:minnow, WATER_AMBIENT
aquaculture:muskellunge, WATER_AMBIENT
aquaculture:perch, WATER_AMBIENT
aquaculture:arapaima, WATER_AMBIENT
aquaculture:piranha, WATER_AMBIENT
aquaculture:tambaqui, WATER_AMBIENT
aquaculture:brown_shrooma, WATER_AMBIENT
aquaculture:red_shrooma, WATER_AMBIENT
aquaculture:jellyfish, WATER_AMBIENT
aquaculture:red_grouper, WATER_AMBIENT
aquaculture:tuna, WATER_AMBIENT
exoticbirds:booby, CREATURE
exoticbirds:owl, CREATURE
exoticbirds:peafowl, CREATURE
exoticbirds:flamingo, CREATURE
exoticbirds:bluejay, CREATURE
exoticbirds:cardinal, CREATURE
exoticbirds:robin, CREATURE
exoticbirds:crane, CREATURE
exoticbirds:heron, CREATURE
exoticbirds:lyrebird, CREATURE
exoticbirds:kiwi, CREATURE
exoticbirds:toucan, CREATURE
exoticbirds:duck, CREATURE
exoticbirds:swan, CREATURE
exoticbirds:penguin, CREATURE
exoticbirds:pigeon, CREATURE
exoticbirds:budgerigar, CREATURE
exoticbirds:gouldianfinch, CREATURE
exoticbirds:cockatoo, CREATURE
exoticbirds:pelican, CREATURE
exoticbirds:roadrunner, CREATURE
exoticbirds:cassowary, CREATURE
exoticbirds:gull, CREATURE
exoticbirds:ostrich, CREATURE
exoticbirds:kingfisher, CREATURE
exoticbirds:kookaburra, CREATURE
exoticbirds:magpie, CREATURE
exoticbirds:hummingbird, CREATURE
exoticbirds:woodpecker, CREATURE
exoticbirds:macaw, CREATURE
